
-------------------------------------------------------------------------------
   ROBOCOPY     ::     Windows 的可靠文件复制                              
-------------------------------------------------------------------------------

  开始时间: 2026年7月7日 15:59:42
        源: d:\Stock\trading_assistant\12_tooling_runtime_archive\batch_09_legacy_analysis_migration__20260707\lifted_trading_analysis\tools\
      目标: d:\Stock\trading_assistant\20_tools_workspace\_raw_snapshot_batch09\

      文件: *.*
	    
      选项: *.* /TEE /S /E /DCOPY:DAT /COPY:DAT /NP /R:1 /W:1 

------------------------------------------------------------------------------

	                  47	d:\Stock\trading_assistant\12_tooling_runtime_archive\batch_09_legacy_analysis_migration__20260707\lifted_trading_analysis\tools\
	  *多余文件   		     318	README.md
	  *多余文件   		       0	robocopy_tools__20260707.log
	    新文件    		    8227	generate_p0_subset.py
	    新文件    		    3847	group08_batch2_series_copy.py
	    新文件    		    4639	group08_batch3_topic_copy.py
	    新文件    		    4391	group08_batch4_topic_anchor.py
	    新文件    		    4941	group08_batch5_bookdir_autoresolve.py
	    新文件    		    3082	group08_external_move_postcheck.py
	    新文件    		    5114	group08_external_ops_preflight.py
	    新文件    		    3026	group08_external_ops_stats.py
	    新文件    		    7045	group08_generate_delete_refs_cleanup.py
	    新文件    		    3045	group08_generate_external_ops_plan.py
	    新文件    		    3880	group08_generate_materials_catalog.py
	    新文件    		    4568	group08_generate_powershell_dryrun_cmds.py
	    新文件    		    3841	group08_refscan_final_delete_list.py
	    新文件    		    4783	group08_sourceraw_missing_manifest.py
	    新文件    		    5108	group08_split_external_ops_plan.py
	    新文件    		    2991	group08_sync_final_delete_list.py
	    新文件    		    7321	ingest_ashare_txt_to_md.py
	    新文件    		    4868	kimi_cutpack_manifest.py
	    新文件    		    1222	relocate_path_prefix.py
	    新文件    		    1303	slice_csv_tail_v1.py
	    新文件    		   17694	s_bucketize.py
	    新文件    		    1602	s_dedup_delete_list.py
	    新文件    		    4731	s_dedup_report.py
	    新文件    		    1042	tk_manual_append_rows.py
	    新文件    		   18844	tk_r1_interactions.py
	    新文件    		    5267	tk_r1_stage2_audit.py
	    新文件    		    3235	tk_r1_stage2_conditional_shrink.py
	    新文件    		    7065	tk_r2_pocket_apply_audit.py
	    新文件    		    4741	tk_r2_pocket_shrink.py
	    新文件    		   10670	tk_r2_tradelevel_audit.py
	    新文件    		   11145	tk_r3_rr_minwin_audit.py
	    新文件    		   10215	tk_r3_rr_minwin_recompute_cam_tp3.py
	    新文件    		    1972	tk_r3_tp3_reason_smoketest.py
	    新文件    		    6274	tk_r4_half_risk_paper_audit.py
	    新文件    		   11538	tk_r4_risk_corr_audit.py
	    新文件    		   10507	tk_r4_usd_half_risk_role_finalize.py
	    新文件    		    9277	tk_r4_usd_half_risk_scheme_b.py
	    新文件    		   26844	tk_r4_usd_half_risk_scheme_b_runner.py
	    新文件    		    8512	tk_r4_usd_overlap_depth_audit.py
	    新文件    		    9907	tk_r4_usd_overlap_heterogeneity_audit.py
	    新文件    		   10150	tk_r4_usd_overlap_negative_pockets.py
	    新文件    		    1324	tk_r6_make_manual_sheet.py
	    新文件    		    2836	tk_r6_summarize_manual_sheet.py
	    新文件    		    1151	tk_r7_make_manual_sheet.py
	    新文件    		    2082	tk_r7_summarize_manual_sheet.py
	    新文件    		    1189	tk_r8_make_manual_sheet.py
	    新文件    		    2082	tk_r8_summarize_manual_sheet.py

------------------------------------------------------------------------------

                  总数        复制        跳过       不匹配        失败        其他
       目录:         1         0         1         0         0         0
       文件:        47        47         0         0         0         2
       字节:   282.3 k   282.3 k         0         0         0       318
       时间:   0:00:00   0:00:00                       0:00:00   0:00:00


       速度:           6,425,288 字节/秒。
       速度:             367.658 MB/分钟。
   已结束: 2026年7月7日 15:59:42

