0	02:48:43.332	Expert Probe\MT4Probe_Volty EURUSD,H1: loaded successfully
0	02:48:43.335	Tester: start with configuration file
1	02:48:47.626	TestGenerator: no history data 'EURUSD60' from 2025.01.01 to 2025.01.15
0	02:48:48.301	Expert MT4Probe_Volty EURUSD,H1: removed
0	02:52:18.623	Expert Probe\MT4Probe_Volty EURUSD,H1: loaded successfully
0	02:52:18.626	Tester: start with configuration file
1	02:52:22.041	TestGenerator: no history data 'EURUSD60' from 2025.01.01 to 2025.01.15
0	02:52:22.689	Expert MT4Probe_Volty EURUSD,H1: removed
0	02:54:14.628	Expert Probe\MT4Probe_Volty EURUSD,H1: loaded successfully
0	02:54:14.630	Tester: start with configuration file
1	02:54:18.271	TestGenerator: no history data 'EURUSD60' from 2025.01.01 to 2025.01.15
0	02:54:18.994	Expert MT4Probe_Volty EURUSD,H1: removed
0	03:00:55.334	Expert Probe\MT4Probe_Volty EURUSD,H1: loaded successfully
0	03:00:55.337	Tester: start with configuration file
1	03:00:58.604	TestGenerator: no history data 'EURUSD60' from 2025.01.01 to 2025.01.15
0	03:00:59.195	Expert MT4Probe_Volty EURUSD,H1: removed
0	03:35:38.006	Expert Probe\MT4Probe_Volty EURUSD,H1: loaded successfully
0	03:35:38.009	Tester: start with configuration file
0	03:35:41.354	TestGenerator: current spread 1 used
0	03:35:43.866	History: download EURUSD,M1 [2026.06.29 03:49]
0	03:35:44.377	History: download EURUSD,M1 [2026.06.26 18:53]
0	03:35:44.879	History: download EURUSD,M1 [2026.06.26 10:21]
0	03:35:45.380	History: download EURUSD,M1 [2026.06.26 01:49]
0	03:35:45.881	History: download EURUSD,M1 [2026.06.25 17:08]
0	03:35:46.384	History: download EURUSD,M1 [2026.06.25 08:36]
0	03:35:46.884	History: download EURUSD,M1 [2026.06.24 23:52]
0	03:35:47.399	History: download EURUSD,M1 [2026.06.24 15:20]
0	03:35:47.913	History: download EURUSD,M1 [2026.06.24 06:48]
0	03:35:48.414	History: download EURUSD,M1 [2026.06.23 22:10]
0	03:35:48.927	History: download EURUSD,M1 [2026.06.23 13:38]
0	03:35:49.440	History: download EURUSD,M1 [2026.06.23 05:06]
0	03:35:49.953	History: download EURUSD,M1 [2026.06.22 20:28]
0	03:35:50.468	History: download EURUSD,M1 [2026.06.22 11:56]
0	03:35:50.982	History: download EURUSD,M1 [2026.06.22 03:24]
0	03:35:51.497	History: download EURUSD,M1 [2026.06.19 18:35]
0	03:35:52.012	History: download EURUSD,M1 [2026.06.19 10:03]
0	03:35:52.526	History: download EURUSD,M1 [2026.06.19 01:31]
0	03:35:53.041	History: download EURUSD,M1 [2026.06.18 16:51]
0	03:35:53.555	History: download EURUSD,M1 [2026.06.18 08:19]
0	03:35:54.056	History: download EURUSD,M1 [2026.06.17 23:35]
0	03:35:54.569	History: download EURUSD,M1 [2026.06.17 15:03]
0	03:35:55.069	History: download EURUSD,M1 [2026.06.17 06:31]
0	03:35:55.581	History: download EURUSD,M1 [2026.06.16 21:47]
0	03:35:56.083	History: download EURUSD,M1 [2026.06.16 13:15]
0	03:35:56.595	History: download EURUSD,M1 [2026.06.16 04:43]
0	03:35:57.109	History: download EURUSD,M1 [2026.06.15 20:00]
0	03:35:57.610	History: download EURUSD,M1 [2026.06.15 11:28]
0	03:35:58.124	History: download EURUSD,M1 [2026.06.15 02:56]
0	03:35:58.626	History: download EURUSD,M1 [2026.06.12 18:19]
0	03:35:59.138	History: download EURUSD,M1 [2026.06.12 09:47]
0	03:35:59.641	History: download EURUSD,M1 [2026.06.12 01:15]
0	03:36:00.155	History: download EURUSD,M1 [2026.06.11 16:30]
0	03:36:00.667	History: download EURUSD,M1 [2026.06.11 07:58]
0	03:36:01.181	History: download EURUSD,M1 [2026.06.10 23:10]
0	03:36:01.682	History: download EURUSD,M1 [2026.06.10 14:38]
0	03:36:02.192	History: download EURUSD,M1 [2026.06.10 06:06]
0	03:36:02.708	History: download EURUSD,M1 [2026.06.09 21:17]
0	03:36:03.211	History: download EURUSD,M1 [2026.06.09 12:45]
0	03:36:03.724	History: download EURUSD,M1 [2026.06.09 04:13]
0	03:36:04.238	History: download EURUSD,M1 [2026.06.08 19:32]
0	03:36:04.739	History: download EURUSD,M1 [2026.06.08 11:00]
0	03:36:05.254	History: download EURUSD,M1 [2026.06.08 02:28]
0	03:36:05.766	History: download EURUSD,M1 [2026.06.05 17:42]
0	03:36:06.277	History: download EURUSD,M1 [2026.06.05 09:09]
0	03:36:06.792	History: download EURUSD,M1 [2026.06.05 00:36]
0	03:36:07.307	History: download EURUSD,M1 [2026.06.04 15:54]
0	03:36:07.822	History: download EURUSD,M1 [2026.06.04 07:22]
0	03:36:08.324	History: download EURUSD,M1 [2026.06.03 22:37]
0	03:36:08.838	History: download EURUSD,M1 [2026.06.03 14:05]
0	03:36:09.339	History: download EURUSD,M1 [2026.06.03 05:33]
0	03:36:09.854	History: download EURUSD,M1 [2026.06.02 20:51]
0	03:36:10.369	History: download EURUSD,M1 [2026.06.02 12:19]
0	03:36:10.882	History: download EURUSD,M1 [2026.06.02 03:47]
0	03:36:11.382	History: download EURUSD,M1 [2026.06.01 19:03]
0	03:36:11.897	History: download EURUSD,M1 [2026.06.01 10:31]
0	03:36:12.412	History: download EURUSD,M1 [2026.06.01 01:59]
0	03:36:12.926	History: download EURUSD,M1 [2026.05.29 17:08]
0	03:36:13.440	History: download EURUSD,M1 [2026.05.29 08:36]
0	03:36:13.951	History: download EURUSD,M1 [2026.05.28 23:57]
0	03:36:14.465	History: download EURUSD,M1 [2026.05.28 15:25]
0	03:36:14.969	History: download EURUSD,M1 [2026.05.28 06:53]
0	03:36:15.478	History: download EURUSD,M1 [2026.05.27 22:11]
0	03:36:15.978	History: download EURUSD,M1 [2026.05.27 13:39]
0	03:36:16.479	History: download EURUSD,M1 [2026.05.27 05:07]
0	03:36:16.980	History: download EURUSD,M1 [2026.05.26 20:29]
0	03:36:17.482	History: download EURUSD,M1 [2026.05.26 11:54]
0	03:36:17.990	History: download EURUSD,M1 [2026.05.26 03:22]
0	03:36:18.502	History: download EURUSD,M1 [2026.05.25 18:41]
0	03:36:19.003	History: download EURUSD,M1 [2026.05.25 10:09]
0	03:36:19.504	History: download EURUSD,M1 [2026.05.25 01:37]
0	03:36:20.017	History: download EURUSD,M1 [2026.05.22 17:01]
0	03:36:20.517	History: download EURUSD,M1 [2026.05.22 08:29]
0	03:36:21.017	History: download EURUSD,M1 [2026.05.21 23:47]
0	03:36:21.519	History: download EURUSD,M1 [2026.05.21 15:15]
0	03:36:22.032	History: download EURUSD,M1 [2026.05.21 06:43]
0	03:36:22.548	History: download EURUSD,M1 [2026.05.20 21:56]
0	03:36:23.063	History: download EURUSD,M1 [2026.05.20 13:24]
0	03:36:23.577	History: download EURUSD,M1 [2026.05.20 04:52]
0	03:36:24.078	History: download EURUSD,M1 [2026.05.19 20:12]
0	03:36:24.590	History: download EURUSD,M1 [2026.05.19 11:40]
0	03:36:25.092	History: download EURUSD,M1 [2026.05.19 03:08]
0	03:36:25.594	History: download EURUSD,M1 [2026.05.18 18:31]
0	03:36:26.104	History: download EURUSD,M1 [2026.05.18 09:59]
0	03:36:26.618	History: download EURUSD,M1 [2026.05.18 01:27]
0	03:36:27.122	History: download EURUSD,M1 [2026.05.15 16:37]
0	03:36:27.635	History: download EURUSD,M1 [2026.05.15 08:05]
0	03:36:28.149	History: download EURUSD,M1 [2026.05.14 23:25]
0	03:36:28.650	History: download EURUSD,M1 [2026.05.14 14:53]
0	03:36:29.152	History: download EURUSD,M1 [2026.05.14 06:21]
0	03:36:29.666	History: download EURUSD,M1 [2026.05.13 21:32]
0	03:36:30.168	History: download EURUSD,M1 [2026.05.13 13:00]
0	03:36:30.669	History: download EURUSD,M1 [2026.05.13 04:28]
0	03:36:31.185	History: download EURUSD,M1 [2026.05.12 19:50]
0	03:36:31.699	History: download EURUSD,M1 [2026.05.12 11:18]
0	03:36:32.214	History: download EURUSD,M1 [2026.05.12 02:46]
0	03:36:32.727	History: download EURUSD,M1 [2026.05.11 18:06]
0	03:36:33.228	History: download EURUSD,M1 [2026.05.11 09:34]
0	03:36:33.729	History: download EURUSD,M1 [2026.05.11 01:02]
0	03:36:34.242	History: download EURUSD,M1 [2026.05.08 16:26]
0	03:36:34.757	History: download EURUSD,M1 [2026.05.08 07:54]
0	03:36:35.272	History: download EURUSD,M1 [2026.05.07 23:15]
0	03:36:35.783	History: download EURUSD,M1 [2026.05.07 14:43]
0	03:36:36.296	History: download EURUSD,M1 [2026.05.07 06:11]
0	03:36:36.808	History: download EURUSD,M1 [2026.05.06 21:24]
0	03:36:37.320	History: download EURUSD,M1 [2026.05.06 12:52]
0	03:36:37.822	History: download EURUSD,M1 [2026.05.06 04:20]
0	03:36:38.335	History: download EURUSD,M1 [2026.05.05 19:33]
0	03:36:38.850	History: download EURUSD,M1 [2026.05.05 11:01]
0	03:36:39.353	History: download EURUSD,M1 [2026.05.05 02:29]
0	03:36:39.867	History: download EURUSD,M1 [2026.05.04 17:39]
0	03:36:40.381	History: download EURUSD,M1 [2026.05.04 09:07]
0	03:36:40.884	History: download EURUSD,M1 [2026.05.04 00:31]
0	03:36:41.389	History: download EURUSD,M1 [2026.05.01 15:56]
0	03:36:41.904	History: download EURUSD,M1 [2026.05.01 07:24]
0	03:36:42.418	History: download EURUSD,M1 [2026.04.30 22:46]
0	03:36:42.919	History: download EURUSD,M1 [2026.04.30 14:14]
0	03:36:43.430	History: download EURUSD,M1 [2026.04.30 05:42]
0	03:36:43.945	History: download EURUSD,M1 [2026.04.29 21:02]
0	03:36:44.459	History: download EURUSD,M1 [2026.04.29 12:30]
0	03:36:44.974	History: download EURUSD,M1 [2026.04.29 03:58]
0	03:36:45.490	History: download EURUSD,M1 [2026.04.28 19:14]
0	03:36:45.992	History: download EURUSD,M1 [2026.04.28 10:42]
0	03:36:46.493	History: download EURUSD,M1 [2026.04.28 02:09]
0	03:36:47.006	History: download EURUSD,M1 [2026.04.27 17:05]
0	03:36:47.521	History: download EURUSD,M1 [2026.04.27 08:33]
0	03:36:48.034	History: download EURUSD,M1 [2026.04.24 23:53]
0	03:36:48.537	History: download EURUSD,M1 [2026.04.24 15:21]
0	03:36:49.038	History: download EURUSD,M1 [2026.04.24 06:49]
0	03:36:49.538	History: download EURUSD,M1 [2026.04.24 03:21]
0	03:36:52.050	History: download EURUSD,M5 [2026.06.18 01:15]
0	03:36:52.563	History: download EURUSD,M5 [2026.06.16 06:35]
0	03:36:53.067	History: download EURUSD,M5 [2026.06.12 11:55]
0	03:36:53.578	History: download EURUSD,M5 [2026.06.10 17:15]
0	03:36:54.092	History: download EURUSD,M5 [2026.06.08 22:35]
0	03:36:54.596	History: download EURUSD,M5 [2026.06.05 03:55]
0	03:36:55.097	History: download EURUSD,M5 [2026.06.03 09:10]
0	03:36:55.609	History: download EURUSD,M5 [2026.06.01 14:30]
0	03:36:56.110	History: download EURUSD,M5 [2026.05.28 19:45]
0	03:36:56.625	History: download EURUSD,M5 [2026.05.27 01:05]
0	03:36:57.138	History: download EURUSD,M5 [2026.05.25 06:25]
0	03:36:57.653	History: download EURUSD,M5 [2026.05.21 11:45]
0	03:36:58.167	History: download EURUSD,M5 [2026.05.19 17:05]
0	03:36:58.667	History: download EURUSD,M5 [2026.05.15 22:25]
0	03:36:59.180	History: download EURUSD,M5 [2026.05.14 03:45]
0	03:36:59.683	History: download EURUSD,M5 [2026.05.12 09:05]
0	03:37:00.184	History: download EURUSD,M5 [2026.05.08 14:25]
0	03:37:00.698	History: download EURUSD,M5 [2026.05.06 19:45]
0	03:37:01.213	History: download EURUSD,M5 [2026.05.05 01:05]
0	03:37:01.715	History: download EURUSD,M5 [2026.05.01 06:20]
0	03:37:02.230	History: download EURUSD,M5 [2026.04.29 11:40]
0	03:37:02.746	History: download EURUSD,M5 [2026.04.27 16:45]
0	03:37:03.247	History: download EURUSD,M5 [2026.04.23 22:05]
0	03:37:03.760	History: download EURUSD,M5 [2026.04.22 03:25]
0	03:37:04.262	History: download EURUSD,M5 [2026.04.20 08:45]
0	03:37:04.775	History: download EURUSD,M5 [2026.04.16 14:05]
0	03:37:05.286	History: download EURUSD,M5 [2026.04.14 19:25]
0	03:37:05.801	History: download EURUSD,M5 [2026.04.13 00:45]
0	03:37:06.314	History: download EURUSD,M5 [2026.04.09 06:05]
0	03:37:06.818	History: download EURUSD,M5 [2026.04.07 11:25]
0	03:37:07.333	History: download EURUSD,M5 [2026.04.03 16:40]
0	03:37:07.834	History: download EURUSD,M5 [2026.04.01 22:00]
0	03:37:08.350	History: download EURUSD,M5 [2026.03.31 03:20]
0	03:37:08.863	History: download EURUSD,M5 [2026.03.27 08:40]
0	03:37:09.378	History: download EURUSD,M5 [2026.03.25 14:00]
0	03:37:09.891	History: download EURUSD,M5 [2026.03.23 19:20]
0	03:37:10.402	History: download EURUSD,M5 [2026.03.20 00:40]
0	03:37:10.917	History: download EURUSD,M5 [2026.03.18 06:00]
0	03:37:11.417	History: download EURUSD,M5 [2026.03.16 11:20]
0	03:37:11.919	History: download EURUSD,M5 [2026.03.12 16:40]
0	03:37:12.433	History: download EURUSD,M5 [2026.03.10 22:00]
0	03:37:12.945	History: download EURUSD,M5 [2026.03.09 03:20]
0	03:37:13.458	History: download EURUSD,M5 [2026.03.05 08:40]
0	03:37:13.961	History: download EURUSD,M5 [2026.03.03 14:00]
0	03:37:14.472	History: download EURUSD,M5 [2026.02.27 19:20]
0	03:37:14.983	History: download EURUSD,M5 [2026.02.26 00:40]
0	03:37:15.497	History: download EURUSD,M5 [2026.02.24 06:00]
0	03:37:16.012	History: download EURUSD,M5 [2026.02.20 11:20]
0	03:37:16.512	History: download EURUSD,M5 [2026.02.18 16:40]
0	03:37:17.027	History: download EURUSD,M5 [2026.02.16 22:00]
0	03:37:17.541	History: download EURUSD,M5 [2026.02.13 03:20]
0	03:37:19.081	History: download EURUSD,M5 [2026.02.11 08:40]
0	03:37:19.583	History: download EURUSD,M5 [2026.02.09 14:00]
0	03:37:20.098	History: download EURUSD,M5 [2026.02.05 19:20]
0	03:37:20.613	History: download EURUSD,M5 [2026.02.04 00:40]
0	03:37:21.127	History: download EURUSD,M5 [2026.02.02 06:00]
0	03:37:21.641	History: download EURUSD,M5 [2026.01.29 11:20]
0	03:37:22.143	History: download EURUSD,M5 [2026.01.27 16:40]
0	03:37:22.643	History: download EURUSD,M5 [2026.01.23 22:00]
0	03:37:23.158	History: download EURUSD,M5 [2026.01.22 03:20]
0	03:37:23.670	History: download EURUSD,M5 [2026.01.20 10:35]
0	03:37:26.196	History: download EURUSD,M15 [2026.05.25 06:45]
0	03:37:26.707	History: download EURUSD,M15 [2026.05.15 22:45]
0	03:37:27.220	History: download EURUSD,M15 [2026.05.08 14:45]
0	03:37:27.723	History: download EURUSD,M15 [2026.05.01 06:45]
0	03:37:28.225	History: download EURUSD,M15 [2026.04.23 22:45]
0	03:37:28.726	History: download EURUSD,M15 [2026.04.16 14:45]
0	03:37:29.227	History: download EURUSD,M15 [2026.04.09 06:45]
0	03:37:29.734	History: download EURUSD,M15 [2026.04.01 22:45]
0	03:37:30.236	History: download EURUSD,M15 [2026.03.25 14:45]
0	03:37:30.750	History: download EURUSD,M15 [2026.03.18 06:45]
0	03:37:31.264	History: download EURUSD,M15 [2026.03.10 22:45]
0	03:37:31.779	History: download EURUSD,M15 [2026.03.03 14:45]
0	03:37:32.279	History: download EURUSD,M15 [2026.02.24 06:45]
0	03:37:32.794	History: download EURUSD,M15 [2026.02.16 22:45]
0	03:37:33.309	History: download EURUSD,M15 [2026.02.09 14:45]
0	03:37:33.810	History: download EURUSD,M15 [2026.02.02 06:45]
0	03:37:34.325	History: download EURUSD,M15 [2026.01.23 22:45]
0	03:37:34.839	History: download EURUSD,M15 [2026.01.16 14:45]
0	03:37:35.352	History: download EURUSD,M15 [2026.01.14 10:45]
0	03:37:37.867	History: download EURUSD,M30 [2026.04.16 15:00]
0	03:37:38.381	History: download EURUSD,M30 [2026.04.01 23:00]
0	03:37:38.882	History: download EURUSD,M30 [2026.03.18 07:00]
0	03:37:39.382	History: download EURUSD,M30 [2026.03.03 15:00]
0	03:37:39.887	History: download EURUSD,M30 [2026.02.16 23:00]
0	03:37:40.388	History: download EURUSD,M30 [2026.02.02 07:00]
0	03:37:40.888	History: download EURUSD,M30 [2026.01.16 15:00]
0	03:37:41.403	History: download EURUSD,M30 [2025.12.31 23:00]
0	03:37:41.907	History: download EURUSD,M30 [2025.12.29 19:00]
2	03:37:41.945	2025.01.01 00:00:00  MT4Probe_Volty inputs: ProbeTimeframe=60; MaxModes=8; MaxShifts=50; 
0	03:37:41.955	2025.01.02 00:00:00  MT4Probe_Volty EURUSD,H1: MT4Probe_Volty: RunProbe begin symbol=EURUSD chart_tf=60 indicator_tf=60
0	03:37:41.955	2025.01.02 00:00:00  MT4Probe_Volty EURUSD,H1: MT4Probe_Volty: FileOpen ok file=MT4_probe_Volty_EURUSD_H1_20250102_000000.csv common=false
0	03:37:41.973	2025.01.02 00:00:00  MT4Probe_Volty EURUSD,H1: MT4Probe_Volty: DONE file=MT4_probe_Volty_EURUSD_H1_20250102_000000.csv common=false
0	03:37:42.035	EURUSD,H1: 604068 tick events (216 bars, 605069 bar states) processed in 0:00:00.093 (total time 0:02:03.765)
0	03:37:42.352	Expert MT4Probe_Volty EURUSD,H1: removed
