0	22:35:41.753	Migration: copied from 'D:\Work\MT4\config\terminal.ini' to 'C:\Users\91883\AppData\Roaming\MetaQuotes\Terminal\595F766A2D53496828EF67C5F4B89A58\config\terminal.ini'
0	22:35:41.755	Migration: copied from 'D:\Work\MT4\config\ICMarketsSC-Demo01.srv' to 'C:\Users\91883\AppData\Roaming\MetaQuotes\Terminal\595F766A2D53496828EF67C5F4B89A58\config\ICMarketsSC-Demo01.srv'
0	22:35:41.756	Migration: copied from 'D:\Work\MT4\config\ICMarketsSC-Demo02.srv' to 'C:\Users\91883\AppData\Roaming\MetaQuotes\Terminal\595F766A2D53496828EF67C5F4B89A58\config\ICMarketsSC-Demo02.srv'
0	22:35:41.757	Migration: copied from 'D:\Work\MT4\config\ICMarketsSC-Demo03.srv' to 'C:\Users\91883\AppData\Roaming\MetaQuotes\Terminal\595F766A2D53496828EF67C5F4B89A58\config\ICMarketsSC-Demo03.srv'
0	22:35:41.758	Migration: copied from 'D:\Work\MT4\config\ICMarketsSC-Demo04.srv' to 'C:\Users\91883\AppData\Roaming\MetaQuotes\Terminal\595F766A2D53496828EF67C5F4B89A58\config\ICMarketsSC-Demo04.srv'
0	22:35:41.759	Migration: copied from 'D:\Work\MT4\config\ICMarketsSC-Demo06.srv' to 'C:\Users\91883\AppData\Roaming\MetaQuotes\Terminal\595F766A2D53496828EF67C5F4B89A58\config\ICMarketsSC-Demo06.srv'
0	22:35:41.760	Migration: copied from 'D:\Work\MT4\config\ICMarketsSC-Live01.srv' to 'C:\Users\91883\AppData\Roaming\MetaQuotes\Terminal\595F766A2D53496828EF67C5F4B89A58\config\ICMarketsSC-Live01.srv'
0	22:35:41.761	Migration: copied from 'D:\Work\MT4\config\ICMarketsSC-Live02.srv' to 'C:\Users\91883\AppData\Roaming\MetaQuotes\Terminal\595F766A2D53496828EF67C5F4B89A58\config\ICMarketsSC-Live02.srv'
0	22:35:41.762	Migration: copied from 'D:\Work\MT4\config\ICMarketsSC-Live03.srv' to 'C:\Users\91883\AppData\Roaming\MetaQuotes\Terminal\595F766A2D53496828EF67C5F4B89A58\config\ICMarketsSC-Live03.srv'
0	22:35:41.763	Migration: copied from 'D:\Work\MT4\config\ICMarketsSC-Live04.srv' to 'C:\Users\91883\AppData\Roaming\MetaQuotes\Terminal\595F766A2D53496828EF67C5F4B89A58\config\ICMarketsSC-Live04.srv'
0	22:35:41.763	Migration: copied from 'D:\Work\MT4\config\ICMarketsSC-Live05.srv' to 'C:\Users\91883\AppData\Roaming\MetaQuotes\Terminal\595F766A2D53496828EF67C5F4B89A58\config\ICMarketsSC-Live05.srv'
0	22:35:41.764	Migration: copied from 'D:\Work\MT4\config\ICMarketsSC-Live06.srv' to 'C:\Users\91883\AppData\Roaming\MetaQuotes\Terminal\595F766A2D53496828EF67C5F4B89A58\config\ICMarketsSC-Live06.srv'
0	22:35:41.765	Migration: copied from 'D:\Work\MT4\config\ICMarketsSC-Live07.srv' to 'C:\Users\91883\AppData\Roaming\MetaQuotes\Terminal\595F766A2D53496828EF67C5F4B89A58\config\ICMarketsSC-Live07.srv'
0	22:35:41.767	Migration: copied from 'D:\Work\MT4\config\ICMarketsSC-Live08.srv' to 'C:\Users\91883\AppData\Roaming\MetaQuotes\Terminal\595F766A2D53496828EF67C5F4B89A58\config\ICMarketsSC-Live08.srv'
0	22:35:41.768	Migration: copied from 'D:\Work\MT4\config\ICMarketsSC-Live09.srv' to 'C:\Users\91883\AppData\Roaming\MetaQuotes\Terminal\595F766A2D53496828EF67C5F4B89A58\config\ICMarketsSC-Live09.srv'
0	22:35:41.769	Migration: copied from 'D:\Work\MT4\config\ICMarketsSC-Live10.srv' to 'C:\Users\91883\AppData\Roaming\MetaQuotes\Terminal\595F766A2D53496828EF67C5F4B89A58\config\ICMarketsSC-Live10.srv'
0	22:35:41.770	Migration: copied from 'D:\Work\MT4\config\ICMarketsSC-Live11.srv' to 'C:\Users\91883\AppData\Roaming\MetaQuotes\Terminal\595F766A2D53496828EF67C5F4B89A58\config\ICMarketsSC-Live11.srv'
0	22:35:41.771	Migration: copied from 'D:\Work\MT4\config\ICMarketsSC-Live12.srv' to 'C:\Users\91883\AppData\Roaming\MetaQuotes\Terminal\595F766A2D53496828EF67C5F4B89A58\config\ICMarketsSC-Live12.srv'
0	22:35:41.771	Migration: copied from 'D:\Work\MT4\config\ICMarketsSC-Live14.srv' to 'C:\Users\91883\AppData\Roaming\MetaQuotes\Terminal\595F766A2D53496828EF67C5F4B89A58\config\ICMarketsSC-Live14.srv'
0	22:35:41.771	Migration: copied from 'D:\Work\MT4\config\ICMarketsSC-Live15.srv' to 'C:\Users\91883\AppData\Roaming\MetaQuotes\Terminal\595F766A2D53496828EF67C5F4B89A58\config\ICMarketsSC-Live15.srv'
0	22:35:41.771	Migration: copied from 'D:\Work\MT4\config\ICMarketsSC-Live16.srv' to 'C:\Users\91883\AppData\Roaming\MetaQuotes\Terminal\595F766A2D53496828EF67C5F4B89A58\config\ICMarketsSC-Live16.srv'
0	22:35:41.771	Migration: copied from 'D:\Work\MT4\config\ICMarketsSC-Live17.srv' to 'C:\Users\91883\AppData\Roaming\MetaQuotes\Terminal\595F766A2D53496828EF67C5F4B89A58\config\ICMarketsSC-Live17.srv'
0	22:35:41.771	Migration: copied from 'D:\Work\MT4\config\ICMarketsSC-Live18.srv' to 'C:\Users\91883\AppData\Roaming\MetaQuotes\Terminal\595F766A2D53496828EF67C5F4B89A58\config\ICMarketsSC-Live18.srv'
0	22:35:41.771	Migration: copied from 'D:\Work\MT4\config\ICMarketsSC-Live19.srv' to 'C:\Users\91883\AppData\Roaming\MetaQuotes\Terminal\595F766A2D53496828EF67C5F4B89A58\config\ICMarketsSC-Live19.srv'
0	22:35:41.771	Migration: copied from 'D:\Work\MT4\config\ICMarketsSC-Live20.srv' to 'C:\Users\91883\AppData\Roaming\MetaQuotes\Terminal\595F766A2D53496828EF67C5F4B89A58\config\ICMarketsSC-Live20.srv'
0	22:35:41.780	Migration: copied from 'D:\Work\MT4\config\ICMarketsSC-Live21.srv' to 'C:\Users\91883\AppData\Roaming\MetaQuotes\Terminal\595F766A2D53496828EF67C5F4B89A58\config\ICMarketsSC-Live21.srv'
0	22:35:41.781	Migration: copied from 'D:\Work\MT4\config\ICMarketsSC-Live22.srv' to 'C:\Users\91883\AppData\Roaming\MetaQuotes\Terminal\595F766A2D53496828EF67C5F4B89A58\config\ICMarketsSC-Live22.srv'
0	22:35:41.782	Migration: copied from 'D:\Work\MT4\config\ICMarketsSC-Live23.srv' to 'C:\Users\91883\AppData\Roaming\MetaQuotes\Terminal\595F766A2D53496828EF67C5F4B89A58\config\ICMarketsSC-Live23.srv'
0	22:35:41.783	Migration: copied from 'D:\Work\MT4\config\ICMarketsSC-Live24.srv' to 'C:\Users\91883\AppData\Roaming\MetaQuotes\Terminal\595F766A2D53496828EF67C5F4B89A58\config\ICMarketsSC-Live24.srv'
0	22:35:41.784	Migration: copied from 'D:\Work\MT4\config\ICMarketsSC-Live25.srv' to 'C:\Users\91883\AppData\Roaming\MetaQuotes\Terminal\595F766A2D53496828EF67C5F4B89A58\config\ICMarketsSC-Live25.srv'
0	22:35:41.785	Migration: copied from 'D:\Work\MT4\config\ICMarketsSC-Live26.srv' to 'C:\Users\91883\AppData\Roaming\MetaQuotes\Terminal\595F766A2D53496828EF67C5F4B89A58\config\ICMarketsSC-Live26.srv'
0	22:35:41.786	Migration: copied from 'D:\Work\MT4\config\ICMarketsSC-Live27.srv' to 'C:\Users\91883\AppData\Roaming\MetaQuotes\Terminal\595F766A2D53496828EF67C5F4B89A58\config\ICMarketsSC-Live27.srv'
0	22:35:41.786	Migration: copied from 'D:\Work\MT4\config\ICMarketsSC-Live31.srv' to 'C:\Users\91883\AppData\Roaming\MetaQuotes\Terminal\595F766A2D53496828EF67C5F4B89A58\config\ICMarketsSC-Live31.srv'
0	22:35:41.787	Migration: copied from 'D:\Work\MT4\config\ICMarketsSC-Live32.srv' to 'C:\Users\91883\AppData\Roaming\MetaQuotes\Terminal\595F766A2D53496828EF67C5F4B89A58\config\ICMarketsSC-Live32.srv'
0	22:35:41.788	Migration: copied from 'D:\Work\MT4\config\ICMarketsSC-Live33.srv' to 'C:\Users\91883\AppData\Roaming\MetaQuotes\Terminal\595F766A2D53496828EF67C5F4B89A58\config\ICMarketsSC-Live33.srv'
0	22:35:41.789	Migration: copied from 'D:\Work\MT4\config\ICMarketsSC-Live34.srv' to 'C:\Users\91883\AppData\Roaming\MetaQuotes\Terminal\595F766A2D53496828EF67C5F4B89A58\config\ICMarketsSC-Live34.srv'
0	22:35:41.789	Migration: config folder copied from 'D:\Work\MT4' to 'C:\Users\91883\AppData\Roaming\MetaQuotes\Terminal\595F766A2D53496828EF67C5F4B89A58'
0	22:35:41.792	Migration: copied from 'D:\Work\MT4\history\default\EURUSD240.hst' to 'C:\Users\91883\AppData\Roaming\MetaQuotes\Terminal\595F766A2D53496828EF67C5F4B89A58\history\default\EURUSD240.hst'
0	22:35:41.793	Migration: copied from 'D:\Work\MT4\history\default\GBPUSD240.hst' to 'C:\Users\91883\AppData\Roaming\MetaQuotes\Terminal\595F766A2D53496828EF67C5F4B89A58\history\default\GBPUSD240.hst'
0	22:35:41.794	Migration: copied from 'D:\Work\MT4\history\default\USDCHF240.hst' to 'C:\Users\91883\AppData\Roaming\MetaQuotes\Terminal\595F766A2D53496828EF67C5F4B89A58\history\default\USDCHF240.hst'
0	22:35:41.796	Migration: copied from 'D:\Work\MT4\history\default\USDJPY240.hst' to 'C:\Users\91883\AppData\Roaming\MetaQuotes\Terminal\595F766A2D53496828EF67C5F4B89A58\history\default\USDJPY240.hst'
0	22:35:41.797	Migration: copied from 'D:\Work\MT4\history\default\symbols.sel' to 'C:\Users\91883\AppData\Roaming\MetaQuotes\Terminal\595F766A2D53496828EF67C5F4B89A58\history\default\symbols.sel'
0	22:35:41.797	Migration: copied from 'D:\Work\MT4\history\default\symbols.raw' to 'C:\Users\91883\AppData\Roaming\MetaQuotes\Terminal\595F766A2D53496828EF67C5F4B89A58\history\default\symbols.raw'
0	22:35:41.797	Migration: copied from 'D:\Work\MT4\history\default\symgroups.raw' to 'C:\Users\91883\AppData\Roaming\MetaQuotes\Terminal\595F766A2D53496828EF67C5F4B89A58\history\default\symgroups.raw'
0	22:35:41.797	Migration: history folder copied from 'D:\Work\MT4' to 'C:\Users\91883\AppData\Roaming\MetaQuotes\Terminal\595F766A2D53496828EF67C5F4B89A58'
0	22:35:41.797	Migration: copied from 'D:\Work\MT4\history\default\EURUSD240.hst' to 'C:\Users\91883\AppData\Roaming\MetaQuotes\Terminal\595F766A2D53496828EF67C5F4B89A58\history\default\EURUSD240.hst'
0	22:35:41.797	Migration: copied from 'D:\Work\MT4\history\default\GBPUSD240.hst' to 'C:\Users\91883\AppData\Roaming\MetaQuotes\Terminal\595F766A2D53496828EF67C5F4B89A58\history\default\GBPUSD240.hst'
0	22:35:41.797	Migration: copied from 'D:\Work\MT4\history\default\symbols.raw' to 'C:\Users\91883\AppData\Roaming\MetaQuotes\Terminal\595F766A2D53496828EF67C5F4B89A58\history\default\symbols.raw'
0	22:35:41.797	Migration: copied from 'D:\Work\MT4\history\default\symbols.sel' to 'C:\Users\91883\AppData\Roaming\MetaQuotes\Terminal\595F766A2D53496828EF67C5F4B89A58\history\default\symbols.sel'
0	22:35:41.797	Migration: copied from 'D:\Work\MT4\history\default\symgroups.raw' to 'C:\Users\91883\AppData\Roaming\MetaQuotes\Terminal\595F766A2D53496828EF67C5F4B89A58\history\default\symgroups.raw'
0	22:35:41.797	Migration: copied from 'D:\Work\MT4\history\default\USDCHF240.hst' to 'C:\Users\91883\AppData\Roaming\MetaQuotes\Terminal\595F766A2D53496828EF67C5F4B89A58\history\default\USDCHF240.hst'
0	22:35:41.797	Migration: copied from 'D:\Work\MT4\history\default\USDJPY240.hst' to 'C:\Users\91883\AppData\Roaming\MetaQuotes\Terminal\595F766A2D53496828EF67C5F4B89A58\history\default\USDJPY240.hst'
0	22:35:41.813	Migration: copied from 'D:\Work\MT4\history\symbolsets\forex.set' to 'C:\Users\91883\AppData\Roaming\MetaQuotes\Terminal\595F766A2D53496828EF67C5F4B89A58\history\symbolsets\forex.set'
0	22:35:41.813	Migration: copied from 'D:\Work\MT4\history\symbolsets\forexall.set' to 'C:\Users\91883\AppData\Roaming\MetaQuotes\Terminal\595F766A2D53496828EF67C5F4B89A58\history\symbolsets\forexall.set'
0	22:35:41.813	Migration: copied from 'D:\Work\MT4\history\mailbox\1356998400.arabic' to 'C:\Users\91883\AppData\Roaming\MetaQuotes\Terminal\595F766A2D53496828EF67C5F4B89A58\history\mailbox\1356998400.arabic'
0	22:35:41.813	Migration: copied from 'D:\Work\MT4\history\mailbox\1356998401.bulgarian' to 'C:\Users\91883\AppData\Roaming\MetaQuotes\Terminal\595F766A2D53496828EF67C5F4B89A58\history\mailbox\1356998401.bulgarian'
0	22:35:41.818	Migration: copied from 'D:\Work\MT4\history\mailbox\1356998402.chinese (simplified)' to 'C:\Users\91883\AppData\Roaming\MetaQuotes\Terminal\595F766A2D53496828EF67C5F4B89A58\history\mailbox\1356998402.chinese (simplified)'
0	22:35:41.818	Migration: copied from 'D:\Work\MT4\history\mailbox\1356998403.chinese (traditional)' to 'C:\Users\91883\AppData\Roaming\MetaQuotes\Terminal\595F766A2D53496828EF67C5F4B89A58\history\mailbox\1356998403.chinese (traditional)'
0	22:35:41.821	Migration: copied from 'D:\Work\MT4\history\mailbox\1356998404.czech' to 'C:\Users\91883\AppData\Roaming\MetaQuotes\Terminal\595F766A2D53496828EF67C5F4B89A58\history\mailbox\1356998404.czech'
0	22:35:41.822	Migration: copied from 'D:\Work\MT4\history\mailbox\1356998405.english' to 'C:\Users\91883\AppData\Roaming\MetaQuotes\Terminal\595F766A2D53496828EF67C5F4B89A58\history\mailbox\1356998405.english'
0	22:35:41.823	Migration: copied from 'D:\Work\MT4\history\mailbox\1356998406.french' to 'C:\Users\91883\AppData\Roaming\MetaQuotes\Terminal\595F766A2D53496828EF67C5F4B89A58\history\mailbox\1356998406.french'
0	22:35:41.824	Migration: copied from 'D:\Work\MT4\history\mailbox\1356998407.german' to 'C:\Users\91883\AppData\Roaming\MetaQuotes\Terminal\595F766A2D53496828EF67C5F4B89A58\history\mailbox\1356998407.german'
0	22:35:41.826	Migration: copied from 'D:\Work\MT4\history\mailbox\1356998408.greek' to 'C:\Users\91883\AppData\Roaming\MetaQuotes\Terminal\595F766A2D53496828EF67C5F4B89A58\history\mailbox\1356998408.greek'
0	22:35:41.827	Migration: copied from 'D:\Work\MT4\history\mailbox\1356998409.hebrew' to 'C:\Users\91883\AppData\Roaming\MetaQuotes\Terminal\595F766A2D53496828EF67C5F4B89A58\history\mailbox\1356998409.hebrew'
0	22:35:41.828	Migration: copied from 'D:\Work\MT4\history\mailbox\1356998410.hungarian' to 'C:\Users\91883\AppData\Roaming\MetaQuotes\Terminal\595F766A2D53496828EF67C5F4B89A58\history\mailbox\1356998410.hungarian'
0	22:35:41.829	Migration: copied from 'D:\Work\MT4\history\mailbox\1356998411.indonesian' to 'C:\Users\91883\AppData\Roaming\MetaQuotes\Terminal\595F766A2D53496828EF67C5F4B89A58\history\mailbox\1356998411.indonesian'
0	22:35:41.831	Migration: copied from 'D:\Work\MT4\history\mailbox\1356998412.italian' to 'C:\Users\91883\AppData\Roaming\MetaQuotes\Terminal\595F766A2D53496828EF67C5F4B89A58\history\mailbox\1356998412.italian'
0	22:35:41.832	Migration: copied from 'D:\Work\MT4\history\mailbox\1356998413.japanese' to 'C:\Users\91883\AppData\Roaming\MetaQuotes\Terminal\595F766A2D53496828EF67C5F4B89A58\history\mailbox\1356998413.japanese'
0	22:35:41.833	Migration: copied from 'D:\Work\MT4\history\mailbox\1356998414.malay' to 'C:\Users\91883\AppData\Roaming\MetaQuotes\Terminal\595F766A2D53496828EF67C5F4B89A58\history\mailbox\1356998414.malay'
0	22:35:41.834	Migration: copied from 'D:\Work\MT4\history\mailbox\1356998415.polish' to 'C:\Users\91883\AppData\Roaming\MetaQuotes\Terminal\595F766A2D53496828EF67C5F4B89A58\history\mailbox\1356998415.polish'
0	22:35:41.835	Migration: copied from 'D:\Work\MT4\history\mailbox\1356998416.portuguese' to 'C:\Users\91883\AppData\Roaming\MetaQuotes\Terminal\595F766A2D53496828EF67C5F4B89A58\history\mailbox\1356998416.portuguese'
0	22:35:41.837	Migration: copied from 'D:\Work\MT4\history\mailbox\1356998417.russian' to 'C:\Users\91883\AppData\Roaming\MetaQuotes\Terminal\595F766A2D53496828EF67C5F4B89A58\history\mailbox\1356998417.russian'
0	22:35:41.838	Migration: copied from 'D:\Work\MT4\history\mailbox\1356998418.slovenian' to 'C:\Users\91883\AppData\Roaming\MetaQuotes\Terminal\595F766A2D53496828EF67C5F4B89A58\history\mailbox\1356998418.slovenian'
0	22:35:41.838	Migration: copied from 'D:\Work\MT4\history\mailbox\1356998419.spanish' to 'C:\Users\91883\AppData\Roaming\MetaQuotes\Terminal\595F766A2D53496828EF67C5F4B89A58\history\mailbox\1356998419.spanish'
0	22:35:41.838	Migration: copied from 'D:\Work\MT4\history\mailbox\1356998420.tajik' to 'C:\Users\91883\AppData\Roaming\MetaQuotes\Terminal\595F766A2D53496828EF67C5F4B89A58\history\mailbox\1356998420.tajik'
0	22:35:41.838	Migration: copied from 'D:\Work\MT4\history\mailbox\1356998421.thai' to 'C:\Users\91883\AppData\Roaming\MetaQuotes\Terminal\595F766A2D53496828EF67C5F4B89A58\history\mailbox\1356998421.thai'
0	22:35:41.838	Migration: copied from 'D:\Work\MT4\history\mailbox\1356998422.turkish' to 'C:\Users\91883\AppData\Roaming\MetaQuotes\Terminal\595F766A2D53496828EF67C5F4B89A58\history\mailbox\1356998422.turkish'
0	22:35:41.838	Migration: copied from 'D:\Work\MT4\history\mailbox\1356998423.uzbek' to 'C:\Users\91883\AppData\Roaming\MetaQuotes\Terminal\595F766A2D53496828EF67C5F4B89A58\history\mailbox\1356998423.uzbek'
0	22:35:41.838	Migration: copied from 'D:\Work\MT4\history\mailbox\1356998424.vietnamese' to 'C:\Users\91883\AppData\Roaming\MetaQuotes\Terminal\595F766A2D53496828EF67C5F4B89A58\history\mailbox\1356998424.vietnamese'
0	22:35:41.838	Migration: copied from 'D:\Work\MT4\history\mailbox\1356998425.arabic' to 'C:\Users\91883\AppData\Roaming\MetaQuotes\Terminal\595F766A2D53496828EF67C5F4B89A58\history\mailbox\1356998425.arabic'
0	22:35:41.838	Migration: copied from 'D:\Work\MT4\history\mailbox\1356998426.bulgarian' to 'C:\Users\91883\AppData\Roaming\MetaQuotes\Terminal\595F766A2D53496828EF67C5F4B89A58\history\mailbox\1356998426.bulgarian'
0	22:35:41.838	Migration: copied from 'D:\Work\MT4\history\mailbox\1356998427.chinese (simplified)' to 'C:\Users\91883\AppData\Roaming\MetaQuotes\Terminal\595F766A2D53496828EF67C5F4B89A58\history\mailbox\1356998427.chinese (simplified)'
0	22:35:41.838	Migration: copied from 'D:\Work\MT4\history\mailbox\1356998428.chinese (traditional)' to 'C:\Users\91883\AppData\Roaming\MetaQuotes\Terminal\595F766A2D53496828EF67C5F4B89A58\history\mailbox\1356998428.chinese (traditional)'
0	22:35:41.838	Migration: copied from 'D:\Work\MT4\history\mailbox\1356998429.czech' to 'C:\Users\91883\AppData\Roaming\MetaQuotes\Terminal\595F766A2D53496828EF67C5F4B89A58\history\mailbox\1356998429.czech'
0	22:35:41.854	Migration: copied from 'D:\Work\MT4\history\mailbox\1356998430.english' to 'C:\Users\91883\AppData\Roaming\MetaQuotes\Terminal\595F766A2D53496828EF67C5F4B89A58\history\mailbox\1356998430.english'
0	22:35:41.854	Migration: copied from 'D:\Work\MT4\history\mailbox\1356998431.french' to 'C:\Users\91883\AppData\Roaming\MetaQuotes\Terminal\595F766A2D53496828EF67C5F4B89A58\history\mailbox\1356998431.french'
0	22:35:41.854	Migration: copied from 'D:\Work\MT4\history\mailbox\1356998432.german' to 'C:\Users\91883\AppData\Roaming\MetaQuotes\Terminal\595F766A2D53496828EF67C5F4B89A58\history\mailbox\1356998432.german'
0	22:35:41.854	Migration: copied from 'D:\Work\MT4\history\mailbox\1356998433.greek' to 'C:\Users\91883\AppData\Roaming\MetaQuotes\Terminal\595F766A2D53496828EF67C5F4B89A58\history\mailbox\1356998433.greek'
0	22:35:41.854	Migration: copied from 'D:\Work\MT4\history\mailbox\1356998434.hebrew' to 'C:\Users\91883\AppData\Roaming\MetaQuotes\Terminal\595F766A2D53496828EF67C5F4B89A58\history\mailbox\1356998434.hebrew'
0	22:35:41.854	Migration: copied from 'D:\Work\MT4\history\mailbox\1356998435.hungarian' to 'C:\Users\91883\AppData\Roaming\MetaQuotes\Terminal\595F766A2D53496828EF67C5F4B89A58\history\mailbox\1356998435.hungarian'
0	22:35:41.854	Migration: copied from 'D:\Work\MT4\history\mailbox\1356998436.indonesian' to 'C:\Users\91883\AppData\Roaming\MetaQuotes\Terminal\595F766A2D53496828EF67C5F4B89A58\history\mailbox\1356998436.indonesian'
0	22:35:41.854	Migration: copied from 'D:\Work\MT4\history\mailbox\1356998437.italian' to 'C:\Users\91883\AppData\Roaming\MetaQuotes\Terminal\595F766A2D53496828EF67C5F4B89A58\history\mailbox\1356998437.italian'
0	22:35:41.854	Migration: copied from 'D:\Work\MT4\history\mailbox\1356998438.japanese' to 'C:\Users\91883\AppData\Roaming\MetaQuotes\Terminal\595F766A2D53496828EF67C5F4B89A58\history\mailbox\1356998438.japanese'
0	22:35:41.854	Migration: copied from 'D:\Work\MT4\history\mailbox\1356998439.malay' to 'C:\Users\91883\AppData\Roaming\MetaQuotes\Terminal\595F766A2D53496828EF67C5F4B89A58\history\mailbox\1356998439.malay'
0	22:35:41.854	Migration: copied from 'D:\Work\MT4\history\mailbox\1356998440.polish' to 'C:\Users\91883\AppData\Roaming\MetaQuotes\Terminal\595F766A2D53496828EF67C5F4B89A58\history\mailbox\1356998440.polish'
0	22:35:41.854	Migration: copied from 'D:\Work\MT4\history\mailbox\1356998441.portuguese' to 'C:\Users\91883\AppData\Roaming\MetaQuotes\Terminal\595F766A2D53496828EF67C5F4B89A58\history\mailbox\1356998441.portuguese'
0	22:35:41.854	Migration: copied from 'D:\Work\MT4\history\mailbox\1356998442.russian' to 'C:\Users\91883\AppData\Roaming\MetaQuotes\Terminal\595F766A2D53496828EF67C5F4B89A58\history\mailbox\1356998442.russian'
0	22:35:41.869	Migration: copied from 'D:\Work\MT4\history\mailbox\1356998443.slovenian' to 'C:\Users\91883\AppData\Roaming\MetaQuotes\Terminal\595F766A2D53496828EF67C5F4B89A58\history\mailbox\1356998443.slovenian'
0	22:35:41.871	Migration: copied from 'D:\Work\MT4\history\mailbox\1356998444.spanish' to 'C:\Users\91883\AppData\Roaming\MetaQuotes\Terminal\595F766A2D53496828EF67C5F4B89A58\history\mailbox\1356998444.spanish'
0	22:35:41.872	Migration: copied from 'D:\Work\MT4\history\mailbox\1356998445.tajik' to 'C:\Users\91883\AppData\Roaming\MetaQuotes\Terminal\595F766A2D53496828EF67C5F4B89A58\history\mailbox\1356998445.tajik'
0	22:35:41.873	Migration: copied from 'D:\Work\MT4\history\mailbox\1356998446.thai' to 'C:\Users\91883\AppData\Roaming\MetaQuotes\Terminal\595F766A2D53496828EF67C5F4B89A58\history\mailbox\1356998446.thai'
0	22:35:41.875	Migration: copied from 'D:\Work\MT4\history\mailbox\1356998447.turkish' to 'C:\Users\91883\AppData\Roaming\MetaQuotes\Terminal\595F766A2D53496828EF67C5F4B89A58\history\mailbox\1356998447.turkish'
0	22:35:41.876	Migration: copied from 'D:\Work\MT4\history\mailbox\1356998448.uzbek' to 'C:\Users\91883\AppData\Roaming\MetaQuotes\Terminal\595F766A2D53496828EF67C5F4B89A58\history\mailbox\1356998448.uzbek'
0	22:35:41.877	Migration: copied from 'D:\Work\MT4\history\mailbox\1356998449.vietnamese' to 'C:\Users\91883\AppData\Roaming\MetaQuotes\Terminal\595F766A2D53496828EF67C5F4B89A58\history\mailbox\1356998449.vietnamese'
0	22:35:41.879	Migration: copied from 'D:\Work\MT4\history\mailbox\1356998450.arabic' to 'C:\Users\91883\AppData\Roaming\MetaQuotes\Terminal\595F766A2D53496828EF67C5F4B89A58\history\mailbox\1356998450.arabic'
0	22:35:41.880	Migration: copied from 'D:\Work\MT4\history\mailbox\1356998451.bulgarian' to 'C:\Users\91883\AppData\Roaming\MetaQuotes\Terminal\595F766A2D53496828EF67C5F4B89A58\history\mailbox\1356998451.bulgarian'
0	22:35:41.881	Migration: copied from 'D:\Work\MT4\history\mailbox\1356998452.chinese (simplified)' to 'C:\Users\91883\AppData\Roaming\MetaQuotes\Terminal\595F766A2D53496828EF67C5F4B89A58\history\mailbox\1356998452.chinese (simplified)'
0	22:35:41.882	Migration: copied from 'D:\Work\MT4\history\mailbox\1356998453.chinese (traditional)' to 'C:\Users\91883\AppData\Roaming\MetaQuotes\Terminal\595F766A2D53496828EF67C5F4B89A58\history\mailbox\1356998453.chinese (traditional)'
0	22:35:41.883	Migration: copied from 'D:\Work\MT4\history\mailbox\1356998454.czech' to 'C:\Users\91883\AppData\Roaming\MetaQuotes\Terminal\595F766A2D53496828EF67C5F4B89A58\history\mailbox\1356998454.czech'
0	22:35:41.885	Migration: copied from 'D:\Work\MT4\history\mailbox\1356998455.english' to 'C:\Users\91883\AppData\Roaming\MetaQuotes\Terminal\595F766A2D53496828EF67C5F4B89A58\history\mailbox\1356998455.english'
0	22:35:41.886	Migration: copied from 'D:\Work\MT4\history\mailbox\1356998456.french' to 'C:\Users\91883\AppData\Roaming\MetaQuotes\Terminal\595F766A2D53496828EF67C5F4B89A58\history\mailbox\1356998456.french'
0	22:35:41.887	Migration: copied from 'D:\Work\MT4\history\mailbox\1356998457.german' to 'C:\Users\91883\AppData\Roaming\MetaQuotes\Terminal\595F766A2D53496828EF67C5F4B89A58\history\mailbox\1356998457.german'
0	22:35:41.888	Migration: copied from 'D:\Work\MT4\history\mailbox\1356998458.greek' to 'C:\Users\91883\AppData\Roaming\MetaQuotes\Terminal\595F766A2D53496828EF67C5F4B89A58\history\mailbox\1356998458.greek'
0	22:35:41.888	Migration: copied from 'D:\Work\MT4\history\mailbox\1356998459.hebrew' to 'C:\Users\91883\AppData\Roaming\MetaQuotes\Terminal\595F766A2D53496828EF67C5F4B89A58\history\mailbox\1356998459.hebrew'
0	22:35:41.888	Migration: copied from 'D:\Work\MT4\history\mailbox\1356998460.hungarian' to 'C:\Users\91883\AppData\Roaming\MetaQuotes\Terminal\595F766A2D53496828EF67C5F4B89A58\history\mailbox\1356998460.hungarian'
0	22:35:41.888	Migration: copied from 'D:\Work\MT4\history\mailbox\1356998461.indonesian' to 'C:\Users\91883\AppData\Roaming\MetaQuotes\Terminal\595F766A2D53496828EF67C5F4B89A58\history\mailbox\1356998461.indonesian'
0	22:35:41.888	Migration: copied from 'D:\Work\MT4\history\mailbox\1356998462.italian' to 'C:\Users\91883\AppData\Roaming\MetaQuotes\Terminal\595F766A2D53496828EF67C5F4B89A58\history\mailbox\1356998462.italian'
0	22:35:41.888	Migration: copied from 'D:\Work\MT4\history\mailbox\1356998463.japanese' to 'C:\Users\91883\AppData\Roaming\MetaQuotes\Terminal\595F766A2D53496828EF67C5F4B89A58\history\mailbox\1356998463.japanese'
0	22:35:41.888	Migration: copied from 'D:\Work\MT4\history\mailbox\1356998464.malay' to 'C:\Users\91883\AppData\Roaming\MetaQuotes\Terminal\595F766A2D53496828EF67C5F4B89A58\history\mailbox\1356998464.malay'
0	22:35:41.898	Migration: copied from 'D:\Work\MT4\history\mailbox\1356998465.polish' to 'C:\Users\91883\AppData\Roaming\MetaQuotes\Terminal\595F766A2D53496828EF67C5F4B89A58\history\mailbox\1356998465.polish'
0	22:35:41.900	Migration: copied from 'D:\Work\MT4\history\mailbox\1356998466.portuguese' to 'C:\Users\91883\AppData\Roaming\MetaQuotes\Terminal\595F766A2D53496828EF67C5F4B89A58\history\mailbox\1356998466.portuguese'
0	22:35:41.902	Migration: copied from 'D:\Work\MT4\history\mailbox\1356998467.russian' to 'C:\Users\91883\AppData\Roaming\MetaQuotes\Terminal\595F766A2D53496828EF67C5F4B89A58\history\mailbox\1356998467.russian'
0	22:35:41.902	Migration: copied from 'D:\Work\MT4\history\mailbox\1356998468.slovenian' to 'C:\Users\91883\AppData\Roaming\MetaQuotes\Terminal\595F766A2D53496828EF67C5F4B89A58\history\mailbox\1356998468.slovenian'
0	22:35:41.905	Migration: copied from 'D:\Work\MT4\history\mailbox\1356998469.spanish' to 'C:\Users\91883\AppData\Roaming\MetaQuotes\Terminal\595F766A2D53496828EF67C5F4B89A58\history\mailbox\1356998469.spanish'
0	22:35:41.906	Migration: copied from 'D:\Work\MT4\history\mailbox\1356998470.tajik' to 'C:\Users\91883\AppData\Roaming\MetaQuotes\Terminal\595F766A2D53496828EF67C5F4B89A58\history\mailbox\1356998470.tajik'
0	22:35:41.907	Migration: copied from 'D:\Work\MT4\history\mailbox\1356998471.thai' to 'C:\Users\91883\AppData\Roaming\MetaQuotes\Terminal\595F766A2D53496828EF67C5F4B89A58\history\mailbox\1356998471.thai'
0	22:35:41.909	Migration: copied from 'D:\Work\MT4\history\mailbox\1356998472.turkish' to 'C:\Users\91883\AppData\Roaming\MetaQuotes\Terminal\595F766A2D53496828EF67C5F4B89A58\history\mailbox\1356998472.turkish'
0	22:35:41.910	Migration: copied from 'D:\Work\MT4\history\mailbox\1356998473.uzbek' to 'C:\Users\91883\AppData\Roaming\MetaQuotes\Terminal\595F766A2D53496828EF67C5F4B89A58\history\mailbox\1356998473.uzbek'
0	22:35:41.912	Migration: copied from 'D:\Work\MT4\history\mailbox\1356998474.vietnamese' to 'C:\Users\91883\AppData\Roaming\MetaQuotes\Terminal\595F766A2D53496828EF67C5F4B89A58\history\mailbox\1356998474.vietnamese'
0	22:35:41.913	Migration: copied from 'D:\Work\MT4\history\mailbox\1356998475.arabic' to 'C:\Users\91883\AppData\Roaming\MetaQuotes\Terminal\595F766A2D53496828EF67C5F4B89A58\history\mailbox\1356998475.arabic'
0	22:35:41.915	Migration: copied from 'D:\Work\MT4\history\mailbox\1356998476.bulgarian' to 'C:\Users\91883\AppData\Roaming\MetaQuotes\Terminal\595F766A2D53496828EF67C5F4B89A58\history\mailbox\1356998476.bulgarian'
0	22:35:41.916	Migration: copied from 'D:\Work\MT4\history\mailbox\1356998477.chinese (simplified)' to 'C:\Users\91883\AppData\Roaming\MetaQuotes\Terminal\595F766A2D53496828EF67C5F4B89A58\history\mailbox\1356998477.chinese (simplified)'
0	22:35:41.917	Migration: copied from 'D:\Work\MT4\history\mailbox\1356998478.chinese (traditional)' to 'C:\Users\91883\AppData\Roaming\MetaQuotes\Terminal\595F766A2D53496828EF67C5F4B89A58\history\mailbox\1356998478.chinese (traditional)'
0	22:35:41.919	Migration: copied from 'D:\Work\MT4\history\mailbox\1356998479.czech' to 'C:\Users\91883\AppData\Roaming\MetaQuotes\Terminal\595F766A2D53496828EF67C5F4B89A58\history\mailbox\1356998479.czech'
0	22:35:41.920	Migration: copied from 'D:\Work\MT4\history\mailbox\1356998480.english' to 'C:\Users\91883\AppData\Roaming\MetaQuotes\Terminal\595F766A2D53496828EF67C5F4B89A58\history\mailbox\1356998480.english'
0	22:35:41.921	Migration: copied from 'D:\Work\MT4\history\mailbox\1356998481.french' to 'C:\Users\91883\AppData\Roaming\MetaQuotes\Terminal\595F766A2D53496828EF67C5F4B89A58\history\mailbox\1356998481.french'
0	22:35:41.922	Migration: copied from 'D:\Work\MT4\history\mailbox\1356998482.german' to 'C:\Users\91883\AppData\Roaming\MetaQuotes\Terminal\595F766A2D53496828EF67C5F4B89A58\history\mailbox\1356998482.german'
0	22:35:41.922	Migration: copied from 'D:\Work\MT4\history\mailbox\1356998483.greek' to 'C:\Users\91883\AppData\Roaming\MetaQuotes\Terminal\595F766A2D53496828EF67C5F4B89A58\history\mailbox\1356998483.greek'
0	22:35:41.922	Migration: copied from 'D:\Work\MT4\history\mailbox\1356998484.hebrew' to 'C:\Users\91883\AppData\Roaming\MetaQuotes\Terminal\595F766A2D53496828EF67C5F4B89A58\history\mailbox\1356998484.hebrew'
0	22:35:41.922	Migration: copied from 'D:\Work\MT4\history\mailbox\1356998485.hungarian' to 'C:\Users\91883\AppData\Roaming\MetaQuotes\Terminal\595F766A2D53496828EF67C5F4B89A58\history\mailbox\1356998485.hungarian'
0	22:35:41.922	Migration: copied from 'D:\Work\MT4\history\mailbox\1356998486.indonesian' to 'C:\Users\91883\AppData\Roaming\MetaQuotes\Terminal\595F766A2D53496828EF67C5F4B89A58\history\mailbox\1356998486.indonesian'
0	22:35:41.922	Migration: copied from 'D:\Work\MT4\history\mailbox\1356998487.italian' to 'C:\Users\91883\AppData\Roaming\MetaQuotes\Terminal\595F766A2D53496828EF67C5F4B89A58\history\mailbox\1356998487.italian'
0	22:35:41.922	Migration: copied from 'D:\Work\MT4\history\mailbox\1356998488.japanese' to 'C:\Users\91883\AppData\Roaming\MetaQuotes\Terminal\595F766A2D53496828EF67C5F4B89A58\history\mailbox\1356998488.japanese'
0	22:35:41.922	Migration: copied from 'D:\Work\MT4\history\mailbox\1356998489.malay' to 'C:\Users\91883\AppData\Roaming\MetaQuotes\Terminal\595F766A2D53496828EF67C5F4B89A58\history\mailbox\1356998489.malay'
0	22:35:41.922	Migration: copied from 'D:\Work\MT4\history\mailbox\1356998490.polish' to 'C:\Users\91883\AppData\Roaming\MetaQuotes\Terminal\595F766A2D53496828EF67C5F4B89A58\history\mailbox\1356998490.polish'
0	22:35:41.922	Migration: copied from 'D:\Work\MT4\history\mailbox\1356998491.portuguese' to 'C:\Users\91883\AppData\Roaming\MetaQuotes\Terminal\595F766A2D53496828EF67C5F4B89A58\history\mailbox\1356998491.portuguese'
0	22:35:41.922	Migration: copied from 'D:\Work\MT4\history\mailbox\1356998492.russian' to 'C:\Users\91883\AppData\Roaming\MetaQuotes\Terminal\595F766A2D53496828EF67C5F4B89A58\history\mailbox\1356998492.russian'
0	22:35:41.922	Migration: copied from 'D:\Work\MT4\history\mailbox\1356998493.slovenian' to 'C:\Users\91883\AppData\Roaming\MetaQuotes\Terminal\595F766A2D53496828EF67C5F4B89A58\history\mailbox\1356998493.slovenian'
0	22:35:41.938	Migration: copied from 'D:\Work\MT4\history\mailbox\1356998494.spanish' to 'C:\Users\91883\AppData\Roaming\MetaQuotes\Terminal\595F766A2D53496828EF67C5F4B89A58\history\mailbox\1356998494.spanish'
0	22:35:41.938	Migration: copied from 'D:\Work\MT4\history\mailbox\1356998495.tajik' to 'C:\Users\91883\AppData\Roaming\MetaQuotes\Terminal\595F766A2D53496828EF67C5F4B89A58\history\mailbox\1356998495.tajik'
0	22:35:41.938	Migration: copied from 'D:\Work\MT4\history\mailbox\1356998496.thai' to 'C:\Users\91883\AppData\Roaming\MetaQuotes\Terminal\595F766A2D53496828EF67C5F4B89A58\history\mailbox\1356998496.thai'
0	22:35:41.938	Migration: copied from 'D:\Work\MT4\history\mailbox\1356998497.turkish' to 'C:\Users\91883\AppData\Roaming\MetaQuotes\Terminal\595F766A2D53496828EF67C5F4B89A58\history\mailbox\1356998497.turkish'
0	22:35:41.938	Migration: copied from 'D:\Work\MT4\history\mailbox\1356998498.uzbek' to 'C:\Users\91883\AppData\Roaming\MetaQuotes\Terminal\595F766A2D53496828EF67C5F4B89A58\history\mailbox\1356998498.uzbek'
0	22:35:41.938	Migration: copied from 'D:\Work\MT4\history\mailbox\1356998499.vietnamese' to 'C:\Users\91883\AppData\Roaming\MetaQuotes\Terminal\595F766A2D53496828EF67C5F4B89A58\history\mailbox\1356998499.vietnamese'
0	22:35:41.938	Migration: copied from 'D:\Work\MT4\history\mailbox\1356998500.arabic' to 'C:\Users\91883\AppData\Roaming\MetaQuotes\Terminal\595F766A2D53496828EF67C5F4B89A58\history\mailbox\1356998500.arabic'
0	22:35:41.938	Migration: copied from 'D:\Work\MT4\history\mailbox\1356998501.bulgarian' to 'C:\Users\91883\AppData\Roaming\MetaQuotes\Terminal\595F766A2D53496828EF67C5F4B89A58\history\mailbox\1356998501.bulgarian'
0	22:35:41.938	Migration: copied from 'D:\Work\MT4\history\mailbox\1356998502.chinese (simplified)' to 'C:\Users\91883\AppData\Roaming\MetaQuotes\Terminal\595F766A2D53496828EF67C5F4B89A58\history\mailbox\1356998502.chinese (simplified)'
0	22:35:41.938	Migration: copied from 'D:\Work\MT4\history\mailbox\1356998503.chinese (traditional)' to 'C:\Users\91883\AppData\Roaming\MetaQuotes\Terminal\595F766A2D53496828EF67C5F4B89A58\history\mailbox\1356998503.chinese (traditional)'
0	22:35:41.938	Migration: copied from 'D:\Work\MT4\history\mailbox\1356998504.czech' to 'C:\Users\91883\AppData\Roaming\MetaQuotes\Terminal\595F766A2D53496828EF67C5F4B89A58\history\mailbox\1356998504.czech'
0	22:35:41.938	Migration: copied from 'D:\Work\MT4\history\mailbox\1356998505.english' to 'C:\Users\91883\AppData\Roaming\MetaQuotes\Terminal\595F766A2D53496828EF67C5F4B89A58\history\mailbox\1356998505.english'
0	22:35:41.938	Migration: copied from 'D:\Work\MT4\history\mailbox\1356998506.french' to 'C:\Users\91883\AppData\Roaming\MetaQuotes\Terminal\595F766A2D53496828EF67C5F4B89A58\history\mailbox\1356998506.french'
0	22:35:41.954	Migration: copied from 'D:\Work\MT4\history\mailbox\1356998507.german' to 'C:\Users\91883\AppData\Roaming\MetaQuotes\Terminal\595F766A2D53496828EF67C5F4B89A58\history\mailbox\1356998507.german'
0	22:35:41.955	Migration: copied from 'D:\Work\MT4\history\mailbox\1356998508.greek' to 'C:\Users\91883\AppData\Roaming\MetaQuotes\Terminal\595F766A2D53496828EF67C5F4B89A58\history\mailbox\1356998508.greek'
0	22:35:41.956	Migration: copied from 'D:\Work\MT4\history\mailbox\1356998509.hebrew' to 'C:\Users\91883\AppData\Roaming\MetaQuotes\Terminal\595F766A2D53496828EF67C5F4B89A58\history\mailbox\1356998509.hebrew'
0	22:35:41.958	Migration: copied from 'D:\Work\MT4\history\mailbox\1356998510.hungarian' to 'C:\Users\91883\AppData\Roaming\MetaQuotes\Terminal\595F766A2D53496828EF67C5F4B89A58\history\mailbox\1356998510.hungarian'
0	22:35:41.959	Migration: copied from 'D:\Work\MT4\history\mailbox\1356998511.indonesian' to 'C:\Users\91883\AppData\Roaming\MetaQuotes\Terminal\595F766A2D53496828EF67C5F4B89A58\history\mailbox\1356998511.indonesian'
0	22:35:41.960	Migration: copied from 'D:\Work\MT4\history\mailbox\1356998512.italian' to 'C:\Users\91883\AppData\Roaming\MetaQuotes\Terminal\595F766A2D53496828EF67C5F4B89A58\history\mailbox\1356998512.italian'
0	22:35:41.962	Migration: copied from 'D:\Work\MT4\history\mailbox\1356998513.japanese' to 'C:\Users\91883\AppData\Roaming\MetaQuotes\Terminal\595F766A2D53496828EF67C5F4B89A58\history\mailbox\1356998513.japanese'
0	22:35:41.963	Migration: copied from 'D:\Work\MT4\history\mailbox\1356998514.malay' to 'C:\Users\91883\AppData\Roaming\MetaQuotes\Terminal\595F766A2D53496828EF67C5F4B89A58\history\mailbox\1356998514.malay'
0	22:35:41.965	Migration: copied from 'D:\Work\MT4\history\mailbox\1356998515.polish' to 'C:\Users\91883\AppData\Roaming\MetaQuotes\Terminal\595F766A2D53496828EF67C5F4B89A58\history\mailbox\1356998515.polish'
0	22:35:41.966	Migration: copied from 'D:\Work\MT4\history\mailbox\1356998516.portuguese' to 'C:\Users\91883\AppData\Roaming\MetaQuotes\Terminal\595F766A2D53496828EF67C5F4B89A58\history\mailbox\1356998516.portuguese'
0	22:35:41.967	Migration: copied from 'D:\Work\MT4\history\mailbox\1356998517.russian' to 'C:\Users\91883\AppData\Roaming\MetaQuotes\Terminal\595F766A2D53496828EF67C5F4B89A58\history\mailbox\1356998517.russian'
0	22:35:41.969	Migration: copied from 'D:\Work\MT4\history\mailbox\1356998518.slovenian' to 'C:\Users\91883\AppData\Roaming\MetaQuotes\Terminal\595F766A2D53496828EF67C5F4B89A58\history\mailbox\1356998518.slovenian'
0	22:35:41.970	Migration: copied from 'D:\Work\MT4\history\mailbox\1356998519.spanish' to 'C:\Users\91883\AppData\Roaming\MetaQuotes\Terminal\595F766A2D53496828EF67C5F4B89A58\history\mailbox\1356998519.spanish'
0	22:35:41.971	Migration: copied from 'D:\Work\MT4\history\mailbox\1356998520.tajik' to 'C:\Users\91883\AppData\Roaming\MetaQuotes\Terminal\595F766A2D53496828EF67C5F4B89A58\history\mailbox\1356998520.tajik'
0	22:35:41.972	Migration: copied from 'D:\Work\MT4\history\mailbox\1356998521.thai' to 'C:\Users\91883\AppData\Roaming\MetaQuotes\Terminal\595F766A2D53496828EF67C5F4B89A58\history\mailbox\1356998521.thai'
0	22:35:41.972	Migration: copied from 'D:\Work\MT4\history\mailbox\1356998522.turkish' to 'C:\Users\91883\AppData\Roaming\MetaQuotes\Terminal\595F766A2D53496828EF67C5F4B89A58\history\mailbox\1356998522.turkish'
0	22:35:41.972	Migration: copied from 'D:\Work\MT4\history\mailbox\1356998523.uzbek' to 'C:\Users\91883\AppData\Roaming\MetaQuotes\Terminal\595F766A2D53496828EF67C5F4B89A58\history\mailbox\1356998523.uzbek'
0	22:35:41.972	Migration: copied from 'D:\Work\MT4\history\mailbox\1356998524.vietnamese' to 'C:\Users\91883\AppData\Roaming\MetaQuotes\Terminal\595F766A2D53496828EF67C5F4B89A58\history\mailbox\1356998524.vietnamese'
0	22:35:41.972	Migration: copied from 'D:\Work\MT4\history\mailbox\1356998525.arabic' to 'C:\Users\91883\AppData\Roaming\MetaQuotes\Terminal\595F766A2D53496828EF67C5F4B89A58\history\mailbox\1356998525.arabic'
0	22:35:41.972	Migration: copied from 'D:\Work\MT4\history\mailbox\1356998526.bulgarian' to 'C:\Users\91883\AppData\Roaming\MetaQuotes\Terminal\595F766A2D53496828EF67C5F4B89A58\history\mailbox\1356998526.bulgarian'
0	22:35:41.972	Migration: copied from 'D:\Work\MT4\history\mailbox\1356998527.chinese (simplified)' to 'C:\Users\91883\AppData\Roaming\MetaQuotes\Terminal\595F766A2D53496828EF67C5F4B89A58\history\mailbox\1356998527.chinese (simplified)'
0	22:35:41.972	Migration: copied from 'D:\Work\MT4\history\mailbox\1356998528.chinese (traditional)' to 'C:\Users\91883\AppData\Roaming\MetaQuotes\Terminal\595F766A2D53496828EF67C5F4B89A58\history\mailbox\1356998528.chinese (traditional)'
0	22:35:41.972	Migration: copied from 'D:\Work\MT4\history\mailbox\1356998529.czech' to 'C:\Users\91883\AppData\Roaming\MetaQuotes\Terminal\595F766A2D53496828EF67C5F4B89A58\history\mailbox\1356998529.czech'
0	22:35:41.972	Migration: copied from 'D:\Work\MT4\history\mailbox\1356998530.english' to 'C:\Users\91883\AppData\Roaming\MetaQuotes\Terminal\595F766A2D53496828EF67C5F4B89A58\history\mailbox\1356998530.english'
0	22:35:41.972	Migration: copied from 'D:\Work\MT4\history\mailbox\1356998531.french' to 'C:\Users\91883\AppData\Roaming\MetaQuotes\Terminal\595F766A2D53496828EF67C5F4B89A58\history\mailbox\1356998531.french'
0	22:35:41.972	Migration: copied from 'D:\Work\MT4\history\mailbox\1356998532.german' to 'C:\Users\91883\AppData\Roaming\MetaQuotes\Terminal\595F766A2D53496828EF67C5F4B89A58\history\mailbox\1356998532.german'
0	22:35:41.988	Migration: copied from 'D:\Work\MT4\history\mailbox\1356998533.greek' to 'C:\Users\91883\AppData\Roaming\MetaQuotes\Terminal\595F766A2D53496828EF67C5F4B89A58\history\mailbox\1356998533.greek'
0	22:35:41.989	Migration: copied from 'D:\Work\MT4\history\mailbox\1356998534.hebrew' to 'C:\Users\91883\AppData\Roaming\MetaQuotes\Terminal\595F766A2D53496828EF67C5F4B89A58\history\mailbox\1356998534.hebrew'
0	22:35:41.990	Migration: copied from 'D:\Work\MT4\history\mailbox\1356998534.hungarian' to 'C:\Users\91883\AppData\Roaming\MetaQuotes\Terminal\595F766A2D53496828EF67C5F4B89A58\history\mailbox\1356998534.hungarian'
0	22:35:41.991	Migration: copied from 'D:\Work\MT4\history\mailbox\1356998535.italian' to 'C:\Users\91883\AppData\Roaming\MetaQuotes\Terminal\595F766A2D53496828EF67C5F4B89A58\history\mailbox\1356998535.italian'
0	22:35:41.993	Migration: copied from 'D:\Work\MT4\history\mailbox\1356998536.indonesian' to 'C:\Users\91883\AppData\Roaming\MetaQuotes\Terminal\595F766A2D53496828EF67C5F4B89A58\history\mailbox\1356998536.indonesian'
0	22:35:41.994	Migration: copied from 'D:\Work\MT4\history\mailbox\1356998536.japanese' to 'C:\Users\91883\AppData\Roaming\MetaQuotes\Terminal\595F766A2D53496828EF67C5F4B89A58\history\mailbox\1356998536.japanese'
0	22:35:41.996	Migration: copied from 'D:\Work\MT4\history\mailbox\1356998537.malay' to 'C:\Users\91883\AppData\Roaming\MetaQuotes\Terminal\595F766A2D53496828EF67C5F4B89A58\history\mailbox\1356998537.malay'
0	22:35:41.997	Migration: copied from 'D:\Work\MT4\history\mailbox\1356998538.polish' to 'C:\Users\91883\AppData\Roaming\MetaQuotes\Terminal\595F766A2D53496828EF67C5F4B89A58\history\mailbox\1356998538.polish'
0	22:35:41.998	Migration: copied from 'D:\Work\MT4\history\mailbox\1356998539.portuguese' to 'C:\Users\91883\AppData\Roaming\MetaQuotes\Terminal\595F766A2D53496828EF67C5F4B89A58\history\mailbox\1356998539.portuguese'
0	22:35:42.000	Migration: copied from 'D:\Work\MT4\history\mailbox\1356998540.russian' to 'C:\Users\91883\AppData\Roaming\MetaQuotes\Terminal\595F766A2D53496828EF67C5F4B89A58\history\mailbox\1356998540.russian'
0	22:35:42.001	Migration: copied from 'D:\Work\MT4\history\mailbox\1356998541.slovenian' to 'C:\Users\91883\AppData\Roaming\MetaQuotes\Terminal\595F766A2D53496828EF67C5F4B89A58\history\mailbox\1356998541.slovenian'
0	22:35:42.002	Migration: copied from 'D:\Work\MT4\history\mailbox\1356998542.spanish' to 'C:\Users\91883\AppData\Roaming\MetaQuotes\Terminal\595F766A2D53496828EF67C5F4B89A58\history\mailbox\1356998542.spanish'
0	22:35:42.003	Migration: copied from 'D:\Work\MT4\history\mailbox\1356998543.tajik' to 'C:\Users\91883\AppData\Roaming\MetaQuotes\Terminal\595F766A2D53496828EF67C5F4B89A58\history\mailbox\1356998543.tajik'
0	22:35:42.004	Migration: copied from 'D:\Work\MT4\history\mailbox\1356998544.thai' to 'C:\Users\91883\AppData\Roaming\MetaQuotes\Terminal\595F766A2D53496828EF67C5F4B89A58\history\mailbox\1356998544.thai'
0	22:35:42.007	Migration: copied from 'D:\Work\MT4\history\mailbox\1356998545.turkish' to 'C:\Users\91883\AppData\Roaming\MetaQuotes\Terminal\595F766A2D53496828EF67C5F4B89A58\history\mailbox\1356998545.turkish'
0	22:35:42.007	Migration: copied from 'D:\Work\MT4\history\mailbox\1356998546.uzbek' to 'C:\Users\91883\AppData\Roaming\MetaQuotes\Terminal\595F766A2D53496828EF67C5F4B89A58\history\mailbox\1356998546.uzbek'
0	22:35:42.009	Migration: copied from 'D:\Work\MT4\history\mailbox\1356998547.vietnamese' to 'C:\Users\91883\AppData\Roaming\MetaQuotes\Terminal\595F766A2D53496828EF67C5F4B89A58\history\mailbox\1356998547.vietnamese'
0	22:35:42.009	Migration: mailbox folder copied from 'D:\Work\MT4' to 'C:\Users\91883\AppData\Roaming\MetaQuotes\Terminal\595F766A2D53496828EF67C5F4B89A58'
0	22:35:42.015	Migration: copied from 'D:\Work\MT4\profiles\British Pound\chart01.CHR' to 'C:\Users\91883\AppData\Roaming\MetaQuotes\Terminal\595F766A2D53496828EF67C5F4B89A58\profiles\British Pound\chart01.CHR'
0	22:35:42.017	Migration: copied from 'D:\Work\MT4\profiles\British Pound\chart02.CHR' to 'C:\Users\91883\AppData\Roaming\MetaQuotes\Terminal\595F766A2D53496828EF67C5F4B89A58\profiles\British Pound\chart02.CHR'
0	22:35:42.018	Migration: copied from 'D:\Work\MT4\profiles\British Pound\chart03.CHR' to 'C:\Users\91883\AppData\Roaming\MetaQuotes\Terminal\595F766A2D53496828EF67C5F4B89A58\profiles\British Pound\chart03.CHR'
0	22:35:42.019	Migration: copied from 'D:\Work\MT4\profiles\British Pound\order.wnd' to 'C:\Users\91883\AppData\Roaming\MetaQuotes\Terminal\595F766A2D53496828EF67C5F4B89A58\profiles\British Pound\order.wnd'
0	22:35:42.021	Migration: copied from 'D:\Work\MT4\profiles\default\chart01.CHR' to 'C:\Users\91883\AppData\Roaming\MetaQuotes\Terminal\595F766A2D53496828EF67C5F4B89A58\profiles\default\chart01.CHR'
0	22:35:42.023	Migration: copied from 'D:\Work\MT4\profiles\default\chart02.CHR' to 'C:\Users\91883\AppData\Roaming\MetaQuotes\Terminal\595F766A2D53496828EF67C5F4B89A58\profiles\default\chart02.CHR'
0	22:35:42.024	Migration: copied from 'D:\Work\MT4\profiles\default\chart03.CHR' to 'C:\Users\91883\AppData\Roaming\MetaQuotes\Terminal\595F766A2D53496828EF67C5F4B89A58\profiles\default\chart03.CHR'
0	22:35:42.026	Migration: copied from 'D:\Work\MT4\profiles\default\chart04.CHR' to 'C:\Users\91883\AppData\Roaming\MetaQuotes\Terminal\595F766A2D53496828EF67C5F4B89A58\profiles\default\chart04.CHR'
0	22:35:42.027	Migration: copied from 'D:\Work\MT4\profiles\default\order.wnd' to 'C:\Users\91883\AppData\Roaming\MetaQuotes\Terminal\595F766A2D53496828EF67C5F4B89A58\profiles\default\order.wnd'
0	22:35:42.029	Migration: copied from 'D:\Work\MT4\profiles\Euro\chart01.CHR' to 'C:\Users\91883\AppData\Roaming\MetaQuotes\Terminal\595F766A2D53496828EF67C5F4B89A58\profiles\Euro\chart01.CHR'
0	22:35:42.030	Migration: copied from 'D:\Work\MT4\profiles\Euro\chart02.CHR' to 'C:\Users\91883\AppData\Roaming\MetaQuotes\Terminal\595F766A2D53496828EF67C5F4B89A58\profiles\Euro\chart02.CHR'
0	22:35:42.030	Migration: copied from 'D:\Work\MT4\profiles\Euro\chart03.CHR' to 'C:\Users\91883\AppData\Roaming\MetaQuotes\Terminal\595F766A2D53496828EF67C5F4B89A58\profiles\Euro\chart03.CHR'
0	22:35:42.030	Migration: copied from 'D:\Work\MT4\profiles\Euro\order.wnd' to 'C:\Users\91883\AppData\Roaming\MetaQuotes\Terminal\595F766A2D53496828EF67C5F4B89A58\profiles\Euro\order.wnd'
0	22:35:42.030	Migration: copied from 'D:\Work\MT4\profiles\lastprofile.ini' to 'C:\Users\91883\AppData\Roaming\MetaQuotes\Terminal\595F766A2D53496828EF67C5F4B89A58\profiles\lastprofile.ini'
0	22:35:42.030	Migration: copied from 'D:\Work\MT4\profiles\Market Overview\chart01.CHR' to 'C:\Users\91883\AppData\Roaming\MetaQuotes\Terminal\595F766A2D53496828EF67C5F4B89A58\profiles\Market Overview\chart01.CHR'
0	22:35:42.030	Migration: copied from 'D:\Work\MT4\profiles\Market Overview\chart02.CHR' to 'C:\Users\91883\AppData\Roaming\MetaQuotes\Terminal\595F766A2D53496828EF67C5F4B89A58\profiles\Market Overview\chart02.CHR'
0	22:35:42.030	Migration: copied from 'D:\Work\MT4\profiles\Market Overview\chart03.CHR' to 'C:\Users\91883\AppData\Roaming\MetaQuotes\Terminal\595F766A2D53496828EF67C5F4B89A58\profiles\Market Overview\chart03.CHR'
0	22:35:42.030	Migration: copied from 'D:\Work\MT4\profiles\Market Overview\chart04.CHR' to 'C:\Users\91883\AppData\Roaming\MetaQuotes\Terminal\595F766A2D53496828EF67C5F4B89A58\profiles\Market Overview\chart04.CHR'
0	22:35:42.030	Migration: copied from 'D:\Work\MT4\profiles\Market Overview\order.wnd' to 'C:\Users\91883\AppData\Roaming\MetaQuotes\Terminal\595F766A2D53496828EF67C5F4B89A58\profiles\Market Overview\order.wnd'
0	22:35:42.043	Migration: copied from 'D:\Work\MT4\profiles\Swiss Franc\chart01.CHR' to 'C:\Users\91883\AppData\Roaming\MetaQuotes\Terminal\595F766A2D53496828EF67C5F4B89A58\profiles\Swiss Franc\chart01.CHR'
0	22:35:42.045	Migration: copied from 'D:\Work\MT4\profiles\Swiss Franc\chart02.CHR' to 'C:\Users\91883\AppData\Roaming\MetaQuotes\Terminal\595F766A2D53496828EF67C5F4B89A58\profiles\Swiss Franc\chart02.CHR'
0	22:35:42.047	Migration: copied from 'D:\Work\MT4\profiles\Swiss Franc\chart03.CHR' to 'C:\Users\91883\AppData\Roaming\MetaQuotes\Terminal\595F766A2D53496828EF67C5F4B89A58\profiles\Swiss Franc\chart03.CHR'
0	22:35:42.048	Migration: copied from 'D:\Work\MT4\profiles\Swiss Franc\order.wnd' to 'C:\Users\91883\AppData\Roaming\MetaQuotes\Terminal\595F766A2D53496828EF67C5F4B89A58\profiles\Swiss Franc\order.wnd'
0	22:35:42.048	Migration: profiles folder copied from 'D:\Work\MT4' to 'C:\Users\91883\AppData\Roaming\MetaQuotes\Terminal\595F766A2D53496828EF67C5F4B89A58'
0	22:35:42.050	Migration: copied from 'D:\Work\MT4\templates\ADX.tpl' to 'C:\Users\91883\AppData\Roaming\MetaQuotes\Terminal\595F766A2D53496828EF67C5F4B89A58\templates\ADX.tpl'
0	22:35:42.051	Migration: copied from 'D:\Work\MT4\templates\BollingerBands.tpl' to 'C:\Users\91883\AppData\Roaming\MetaQuotes\Terminal\595F766A2D53496828EF67C5F4B89A58\templates\BollingerBands.tpl'
0	22:35:42.053	Migration: copied from 'D:\Work\MT4\templates\Layers.tpl' to 'C:\Users\91883\AppData\Roaming\MetaQuotes\Terminal\595F766A2D53496828EF67C5F4B89A58\templates\Layers.tpl'
0	22:35:42.055	Migration: copied from 'D:\Work\MT4\templates\Momentum.tpl' to 'C:\Users\91883\AppData\Roaming\MetaQuotes\Terminal\595F766A2D53496828EF67C5F4B89A58\templates\Momentum.tpl'
0	22:35:42.057	Migration: copied from 'D:\Work\MT4\templates\OptimizationReport.htm' to 'C:\Users\91883\AppData\Roaming\MetaQuotes\Terminal\595F766A2D53496828EF67C5F4B89A58\templates\OptimizationReport.htm'
0	22:35:42.058	Migration: copied from 'D:\Work\MT4\templates\Popular.tpl' to 'C:\Users\91883\AppData\Roaming\MetaQuotes\Terminal\595F766A2D53496828EF67C5F4B89A58\templates\Popular.tpl'
0	22:35:42.059	Migration: copied from 'D:\Work\MT4\templates\statement.htm' to 'C:\Users\91883\AppData\Roaming\MetaQuotes\Terminal\595F766A2D53496828EF67C5F4B89A58\templates\statement.htm'
0	22:35:42.060	Migration: copied from 'D:\Work\MT4\templates\StatementDetailed.htm' to 'C:\Users\91883\AppData\Roaming\MetaQuotes\Terminal\595F766A2D53496828EF67C5F4B89A58\templates\StatementDetailed.htm'
0	22:35:42.061	Migration: copied from 'D:\Work\MT4\templates\strategytester.htm' to 'C:\Users\91883\AppData\Roaming\MetaQuotes\Terminal\595F766A2D53496828EF67C5F4B89A58\templates\strategytester.htm'
0	22:35:42.063	Migration: copied from 'D:\Work\MT4\templates\Volume.tpl' to 'C:\Users\91883\AppData\Roaming\MetaQuotes\Terminal\595F766A2D53496828EF67C5F4B89A58\templates\Volume.tpl'
0	22:35:42.064	Migration: copied from 'D:\Work\MT4\templates\Williams.tpl' to 'C:\Users\91883\AppData\Roaming\MetaQuotes\Terminal\595F766A2D53496828EF67C5F4B89A58\templates\Williams.tpl'
0	22:35:42.064	Migration: templates folder copied from 'D:\Work\MT4' to 'C:\Users\91883\AppData\Roaming\MetaQuotes\Terminal\595F766A2D53496828EF67C5F4B89A58'
0	22:35:42.082	Migration: data to 'C:\Users\91883\AppData\Roaming\MetaQuotes\Terminal\595F766A2D53496828EF67C5F4B89A58' migration started
0	22:35:42.084	Migration: data migration finished, no virtual folder
0	22:35:42.086	LiveUpdate: update C:\Users\91883\AppData\Roaming\MetaQuotes\Terminal\595F766A2D53496828EF67C5F4B89A58\MQL4 folder started
0	22:35:42.442	LiveUpdate: update C:\Users\91883\AppData\Roaming\MetaQuotes\Terminal\595F766A2D53496828EF67C5F4B89A58\MQL4 folder finished
0	22:35:42.503	IC Markets (SC) MT4 build 1473 started (Raw Trading Ltd)
0	22:35:42.503	Windows 10 Pro x64, UAC, 12 x Intel Core i5-10600KF  @ 4.10GHz, Memory: 25623 / 32690 Mb, Disk: 765 / 930 Gb, GMT+8
0	22:35:42.503	Data Folder: C:\Users\91883\AppData\Roaming\MetaQuotes\Terminal\595F766A2D53496828EF67C5F4B89A58
0	22:35:42.634	Sources recompilation started
0	22:35:49.253	Sources recompilation finished (28 compiled in 6625 msec)
0	22:39:55.634	'31383734': login on ICMarketsSC-Demo03 through 198.50.218.194:443 (ping: 243.09 ms)
0	22:40:28.898	'31383734': ping to current access point Demo DC #2(CA) is 237.60 ms
0	23:02:55.647	IC Markets (SC) MT4 build 1473 stopped
